Initialized native services in: /home/poannan/.gradle/native
Initialized jansi services in: /home/poannan/.gradle/native
The client will now receive all logging from the daemon (pid: 90748). The daemon log file: /home/poannan/.gradle/daemon/9.5.1/daemon-90748.out.log
Starting 6th build in daemon [uptime: 7 hrs 13 mins 16.352 secs, performance: 100%, GC rate: 0.00/s, heap usage: 0% of 512 MiB, non-heap usage: 19% of 384 MiB]
Using 6 worker leases.
Operational build model parameters: {cachingModelBuilding=false, configurationCache=false, configurationCacheDisabledReason=null, configurationCacheParallelLoad=false, configurationCacheParallelStore=false, configureOnDemand=false, invalidateCoupledProjects=false, isolatedProjects=false, modelAsProjectDependency=false, modelBuilding=false, parallelModelBuilding=false, parallelProjectConfiguration=false, parallelProjectExecution=false, resilientModelBuilding=false}
Now considering [/home/poannan/Documentos/Projeto/LabTrack/labtrack-api] as hierarchies to watch
Watching the file system is configured to be enabled if available
File system watching is active
Starting Build
Settings evaluated using settings file '/home/poannan/Documentos/Projeto/LabTrack/labtrack-api/settings.gradle'.
Projects loaded. Root project using build file '/home/poannan/Documentos/Projeto/LabTrack/labtrack-api/build.gradle'.
Included projects: [root project 'labtrack']

> Configure project :
Evaluating root project 'labtrack' using build file '/home/poannan/Documentos/Projeto/LabTrack/labtrack-api/build.gradle'.
Resolved plugin [id: 'java']
Resolved plugin [id: 'org.springframework.boot', version: '4.1.0']
Resolved plugin [id: 'io.spring.dependency-management', version: '1.1.7']
Applying dependency management to configuration 'annotationProcessor' in project 'labtrack'
Applying dependency management to configuration 'apiElements' in project 'labtrack'
Applying dependency management to configuration 'archives' in project 'labtrack'
Applying dependency management to configuration 'bootArchives' in project 'labtrack'
Applying dependency management to configuration 'compileClasspath' in project 'labtrack'
Applying dependency management to configuration 'compileOnly' in project 'labtrack'
Applying dependency management to configuration 'default' in project 'labtrack'
Applying dependency management to configuration 'developmentOnly' in project 'labtrack'
Applying dependency management to configuration 'implementation' in project 'labtrack'
Applying dependency management to configuration 'mainSourceElements' in project 'labtrack'
Applying dependency management to configuration 'productionRuntimeClasspath' in project 'labtrack'
Applying dependency management to configuration 'runtimeClasspath' in project 'labtrack'
Applying dependency management to configuration 'runtimeElements' in project 'labtrack'
Applying dependency management to configuration 'runtimeOnly' in project 'labtrack'
Applying dependency management to configuration 'testAndDevelopmentOnly' in project 'labtrack'
Applying dependency management to configuration 'testAnnotationProcessor' in project 'labtrack'
Applying dependency management to configuration 'testCompileClasspath' in project 'labtrack'
Applying dependency management to configuration 'testCompileOnly' in project 'labtrack'
Applying dependency management to configuration 'testImplementation' in project 'labtrack'
Applying dependency management to configuration 'testResultsElementsForTest' in project 'labtrack'
Applying dependency management to configuration 'testRuntimeClasspath' in project 'labtrack'
Applying dependency management to configuration 'testRuntimeOnly' in project 'labtrack'
All projects evaluated.
Task name matched 'test'
Selected primary task 'test' from project :
Resolving global dependency management for project 'labtrack'
Excluding []
Excluding []
Excluding []
Excluding []
Excluding []
Excluding []
Tasks to be executed: [task ':compileJava', task ':processResources', task ':classes', task ':compileTestJava', task ':processTestResources', task ':testClasses', task ':test']
Tasks that were excluded: []
Resolve mutations for :compileJava (Thread[Execution worker,5,main]) started.
:compileJava (Thread[Execution worker,5,main]) started.

> Task :compileJava UP-TO-DATE
Custom actions are attached to task ':compileJava'.
Caching disabled for task ':compileJava' because:
  Build cache is disabled
Skipping task ':compileJava' as it is up-to-date.
Resolve mutations for :processResources (Thread[Execution worker,5,main]) started.
:processResources (Thread[Execution worker,5,main]) started.

> Task :processResources UP-TO-DATE
Caching disabled for task ':processResources' because:
  Build cache is disabled
  Not worth caching
Skipping task ':processResources' as it is up-to-date.
Resolve mutations for :classes (Thread[Execution worker,5,main]) started.
:classes (Thread[Execution worker,5,main]) started.

> Task :classes UP-TO-DATE
Skipping task ':classes' as it has no actions.
Resolve mutations for :compileTestJava (Thread[Execution worker,5,main]) started.
:compileTestJava (Thread[Execution worker,5,main]) started.

> Task :compileTestJava UP-TO-DATE
Custom actions are attached to task ':compileTestJava'.
Caching disabled for task ':compileTestJava' because:
  Build cache is disabled
Skipping task ':compileTestJava' as it is up-to-date.
Resolve mutations for :processTestResources (Thread[Execution worker,5,main]) started.
:processTestResources (Thread[Execution worker,5,main]) started.

> Task :processTestResources NO-SOURCE
Skipping task ':processTestResources' as it has no source files and no previous output files.
Resolve mutations for :testClasses (Thread[Execution worker,5,main]) started.
:testClasses (Thread[Execution worker,5,main]) started.

> Task :testClasses UP-TO-DATE
Skipping task ':testClasses' as it has no actions.
Resolve mutations for :test (Thread[Execution worker,5,main]) started.
:test (Thread[Execution worker,5,main]) started.

> Task :test UP-TO-DATE
Caching disabled for task ':test' because:
  Build cache is disabled
Skipping task ':test' as it is up-to-date.

BUILD SUCCESSFUL in 638ms
4 actionable tasks: 4 up-to-date
Consider enabling configuration cache to speed up this build: https://docs.gradle.org/9.5.1/userguide/configuration_cache_enabling.html
